// Jest Snapshot v1, https://goo.gl/fbAQLP

exports[`With Snapshot Testing App shows "Hello world!" 1`] = `
<div
  style={
    Object {
      "border": "1px solid #DDD",
      "margin": 20,
      "padding": 20,
    }
  }
>
  <div>
    <a
      href="/"
      onClick={[Function]}
      style={
        Object {
          "marginRight": 15,
        }
      }
    >
      Home
    </a>
    <a
      href="/about"
      onClick={[Function]}
      style={
        Object {
          "marginRight": 15,
        }
      }
    >
      About
    </a>
  </div>
  <h1>
    My Blog
  </h1>
  <ul>
    <li>
      <a
        href="/p/hello-nextjs"
        onClick={[Function]}
      >
        Hello Next.js
      </a>
    </li>
    <li>
      <a
        href="/p/learn-nextjs"
        onClick={[Function]}
      >
        Learn Next.js is awesome
      </a>
    </li>
    <li>
      <a
        href="/p/deploy-nextjs"
        onClick={[Function]}
      >
        Deploy apps with Zeit
      </a>
    </li>
  </ul>
</div>
`;
